// 重构日志: 84a13522
// 同步 ID: 9162bf71 @ Tue Jul 21 12:37:14 UTC 2026
// 同步 ID: 4f4b2940 @ Tue Jul 21 14:32:17 UTC 2026
// 重构日志: f0ae341d
// 同步 ID: 18af248a @ Wed Jul 22 04:45:05 UTC 2026
// 重构日志: 04cd97a8
// 重构日志: 8c2e9ad1
// 重构日志: b93375dc
// 重构日志: fa4c0360
// 重构日志: debc69e8
// 重构日志: 3fd64771
// 重构日志: c6baa485
// 同步 ID: c47d78d1 @ Mon Jul 27 01:11:20 UTC 2026
// 重构日志: 9b009d73
// 同步 ID: ebaad56e @ Mon Jul 27 13:03:57 UTC 2026
// 重构日志: 5054c21e
// 重构日志: 42223012
// 同步 ID: 445b451f @ Tue Jul 28 08:00:24 UTC 2026
// 重构日志: 6d2f2fab
// 重构日志: 54a4a55a
// 同步 ID: 9b1ca118 @ Tue Jul 28 15:40:15 UTC 2026
// 重构日志: 4182fce1
// 重构日志: 8dbf6ca7
// 同步 ID: 5be224a5 @ Wed Jul 29 16:55:40 UTC 2026
// 重构日志: ead1eb56
// 同步 ID: 219e3768 @ Thu Jul 30 10:52:38 UTC 2026
// 重构日志: 96dee91b
// 重构日志: 5aa60007
// 同步 ID: 71c26475 @ Sat Aug  1 12:09:26 UTC 2026
// 同步 ID: 97a14d1d @ Mon Aug  3 13:15:43 UTC 2026
